============================= test session starts =============================
platform win32 -- Python 3.14.0, pytest-9.0.2, pluggy-1.6.0 -- C:\Users\naoki\Documents\Work\item_manager\.venv\Scripts\python.exe
cachedir: .pytest_cache
rootdir: C:\Users\naoki\Documents\Work\item_manager
configfile: pyproject.toml
plugins: anyio-4.12.0
collecting ... collected 9 items

tests/test_auth.py::test_login_success ERROR                             [ 11%]
tests/test_auth.py::test_login_fail PASSED                               [ 22%]
tests/test_auth.py::test_protected_route PASSED                          [ 33%]
tests/test_items_crud.py::test_create_item ERROR                         [ 44%]
tests/test_items_crud.py::test_create_item_user_fail ERROR               [ 55%]
tests/test_items_crud.py::test_read_items ERROR                          [ 66%]
tests/test_operations.py::test_borrow_item ERROR                         [ 77%]
tests/test_operations.py::test_return_item ERROR                         [ 88%]
tests/test_operations.py::test_return_other_user_fail ERROR              [100%]

=================================== ERRORS ====================================
____________________ ERROR at setup of test_login_success _____________________

client = <starlette.testclient.TestClient object at 0x000002003630BE00>

    @pytest.fixture
    def user_token_headers(client):
        db = TestingSessionLocal()
        user = models.User(
            username="user",
>           hashed_password=get_password_hash("user"),
                           ^^^^^^^^^^^^^^^^^^^^^^^^^
            role="user",
            display_name="Normal User"
        )

tests\conftest.py:59: 
_ _ _ _ _ _ _ _ _ _ _ _ _ _ _ _ _ _ _ _ _ _ _ _ _ _ _ _ _ _ _ _ _ _ _ _ _ _ _ _
inventory_app\security.py:17: in get_password_hash
    return pwd_context.hash(password)
           ^^^^^^^^^^^^^^^^^^^^^^^^^^
.venv\Lib\site-packages\passlib\context.py:2258: in hash
    return record.hash(secret, **kwds)
           ^^^^^^^^^^^^^^^^^^^^^^^^^^^
.venv\Lib\site-packages\passlib\utils\handlers.py:779: in hash
    self.checksum = self._calc_checksum(secret)
                    ^^^^^^^^^^^^^^^^^^^^^^^^^^^
.venv\Lib\site-packages\passlib\handlers\bcrypt.py:591: in _calc_checksum
    self._stub_requires_backend()
.venv\Lib\site-packages\passlib\utils\handlers.py:2254: in _stub_requires_backend
    cls.set_backend()
.venv\Lib\site-packages\passlib\utils\handlers.py:2156: in set_backend
    return owner.set_backend(name, dryrun=dryrun)
           ^^^^^^^^^^^^^^^^^^^^^^^^^^^^^^^^^^^^^^
.venv\Lib\site-packages\passlib\utils\handlers.py:2163: in set_backend
    return cls.set_backend(name, dryrun=dryrun)
           ^^^^^^^^^^^^^^^^^^^^^^^^^^^^^^^^^^^^
.venv\Lib\site-packages\passlib\utils\handlers.py:2188: in set_backend
    cls._set_backend(name, dryrun)
.venv\Lib\site-packages\passlib\utils\handlers.py:2311: in _set_backend
    super(SubclassBackendMixin, cls)._set_backend(name, dryrun)
.venv\Lib\site-packages\passlib\utils\handlers.py:2224: in _set_backend
    ok = loader(**kwds)
         ^^^^^^^^^^^^^^
.venv\Lib\site-packages\passlib\handlers\bcrypt.py:626: in _load_backend_mixin
    return mixin_cls._finalize_backend_mixin(name, dryrun)
           ^^^^^^^^^^^^^^^^^^^^^^^^^^^^^^^^^^^^^^^^^^^^^^^
.venv\Lib\site-packages\passlib\handlers\bcrypt.py:421: in _finalize_backend_mixin
    if detect_wrap_bug(IDENT_2A):
       ^^^^^^^^^^^^^^^^^^^^^^^^^
.venv\Lib\site-packages\passlib\handlers\bcrypt.py:380: in detect_wrap_bug
    if verify(secret, bug_hash):
       ^^^^^^^^^^^^^^^^^^^^^^^^
.venv\Lib\site-packages\passlib\utils\handlers.py:792: in verify
    return consteq(self._calc_checksum(secret), chk)
                   ^^^^^^^^^^^^^^^^^^^^^^^^^^^
_ _ _ _ _ _ _ _ _ _ _ _ _ _ _ _ _ _ _ _ _ _ _ _ _ _ _ _ _ _ _ _ _ _ _ _ _ _ _ _

self = <passlib.handlers.bcrypt._BcryptBackend object at 0x00000200362E63F0>
secret = b'01234567890123456789012345678901234567890123456789012345678901234567890123456789012345678901234567890123456789012345...7890123456789012345678901234567890123456789012345678901234567890123456789012345678901234567890123456789012345678901234'

    def _calc_checksum(self, secret):
        # bcrypt behavior:
        #   secret must be bytes
        #   config must be ascii bytes
        #   returns ascii bytes
        secret, ident = self._prepare_digest_args(secret)
        config = self._get_config(ident)
        if isinstance(config, unicode):
            config = config.encode("ascii")
>       hash = _bcrypt.hashpw(secret, config)
               ^^^^^^^^^^^^^^^^^^^^^^^^^^^^^^
E       ValueError: password cannot be longer than 72 bytes, truncate manually if necessary (e.g. my_password[:72])

.venv\Lib\site-packages\passlib\handlers\bcrypt.py:655: ValueError
----------------------------- Captured log setup ------------------------------
WARNING  passlib.handlers.bcrypt:bcrypt.py:622 (trapped) error reading bcrypt version
Traceback (most recent call last):
  File "C:\Users\naoki\Documents\Work\item_manager\.venv\Lib\site-packages\passlib\handlers\bcrypt.py", line 620, in _load_backend_mixin
    version = _bcrypt.__about__.__version__
              ^^^^^^^^^^^^^^^^^
AttributeError: module 'bcrypt' has no attribute '__about__'
_____________________ ERROR at setup of test_create_item ______________________

client = <starlette.testclient.TestClient object at 0x00000200363DC8A0>

    @pytest.fixture
    def admin_token_headers(client):
        db = TestingSessionLocal()
        admin = models.User(
            username="admin",
>           hashed_password=get_password_hash("admin"),
                           ^^^^^^^^^^^^^^^^^^^^^^^^^^
            role="admin",
            display_name="Admin User"
        )

tests\conftest.py:42: 
_ _ _ _ _ _ _ _ _ _ _ _ _ _ _ _ _ _ _ _ _ _ _ _ _ _ _ _ _ _ _ _ _ _ _ _ _ _ _ _
inventory_app\security.py:17: in get_password_hash
    return pwd_context.hash(password)
           ^^^^^^^^^^^^^^^^^^^^^^^^^^
.venv\Lib\site-packages\passlib\context.py:2258: in hash
    return record.hash(secret, **kwds)
           ^^^^^^^^^^^^^^^^^^^^^^^^^^^
.venv\Lib\site-packages\passlib\utils\handlers.py:779: in hash
    self.checksum = self._calc_checksum(secret)
                    ^^^^^^^^^^^^^^^^^^^^^^^^^^^
.venv\Lib\site-packages\passlib\handlers\bcrypt.py:591: in _calc_checksum
    self._stub_requires_backend()
.venv\Lib\site-packages\passlib\utils\handlers.py:2254: in _stub_requires_backend
    cls.set_backend()
.venv\Lib\site-packages\passlib\utils\handlers.py:2156: in set_backend
    return owner.set_backend(name, dryrun=dryrun)
           ^^^^^^^^^^^^^^^^^^^^^^^^^^^^^^^^^^^^^^
.venv\Lib\site-packages\passlib\utils\handlers.py:2163: in set_backend
    return cls.set_backend(name, dryrun=dryrun)
           ^^^^^^^^^^^^^^^^^^^^^^^^^^^^^^^^^^^^
.venv\Lib\site-packages\passlib\utils\handlers.py:2188: in set_backend
    cls._set_backend(name, dryrun)
.venv\Lib\site-packages\passlib\utils\handlers.py:2311: in _set_backend
    super(SubclassBackendMixin, cls)._set_backend(name, dryrun)
.venv\Lib\site-packages\passlib\utils\handlers.py:2224: in _set_backend
    ok = loader(**kwds)
         ^^^^^^^^^^^^^^
.venv\Lib\site-packages\passlib\handlers\bcrypt.py:626: in _load_backend_mixin
    return mixin_cls._finalize_backend_mixin(name, dryrun)
           ^^^^^^^^^^^^^^^^^^^^^^^^^^^^^^^^^^^^^^^^^^^^^^^
.venv\Lib\site-packages\passlib\handlers\bcrypt.py:421: in _finalize_backend_mixin
    if detect_wrap_bug(IDENT_2A):
       ^^^^^^^^^^^^^^^^^^^^^^^^^
.venv\Lib\site-packages\passlib\handlers\bcrypt.py:380: in detect_wrap_bug
    if verify(secret, bug_hash):
       ^^^^^^^^^^^^^^^^^^^^^^^^
.venv\Lib\site-packages\passlib\utils\handlers.py:792: in verify
    return consteq(self._calc_checksum(secret), chk)
                   ^^^^^^^^^^^^^^^^^^^^^^^^^^^
_ _ _ _ _ _ _ _ _ _ _ _ _ _ _ _ _ _ _ _ _ _ _ _ _ _ _ _ _ _ _ _ _ _ _ _ _ _ _ _

self = <passlib.handlers.bcrypt._BcryptBackend object at 0x00000200363EFD50>
secret = b'01234567890123456789012345678901234567890123456789012345678901234567890123456789012345678901234567890123456789012345...7890123456789012345678901234567890123456789012345678901234567890123456789012345678901234567890123456789012345678901234'

    def _calc_checksum(self, secret):
        # bcrypt behavior:
        #   secret must be bytes
        #   config must be ascii bytes
        #   returns ascii bytes
        secret, ident = self._prepare_digest_args(secret)
        config = self._get_config(ident)
        if isinstance(config, unicode):
            config = config.encode("ascii")
>       hash = _bcrypt.hashpw(secret, config)
               ^^^^^^^^^^^^^^^^^^^^^^^^^^^^^^
E       ValueError: password cannot be longer than 72 bytes, truncate manually if necessary (e.g. my_password[:72])

.venv\Lib\site-packages\passlib\handlers\bcrypt.py:655: ValueError
----------------------------- Captured log setup ------------------------------
WARNING  passlib.handlers.bcrypt:bcrypt.py:622 (trapped) error reading bcrypt version
Traceback (most recent call last):
  File "C:\Users\naoki\Documents\Work\item_manager\.venv\Lib\site-packages\passlib\handlers\bcrypt.py", line 620, in _load_backend_mixin
    version = _bcrypt.__about__.__version__
              ^^^^^^^^^^^^^^^^^
AttributeError: module 'bcrypt' has no attribute '__about__'
________________ ERROR at setup of test_create_item_user_fail _________________

client = <starlette.testclient.TestClient object at 0x00000200363DD6E0>

    @pytest.fixture
    def user_token_headers(client):
        db = TestingSessionLocal()
        user = models.User(
            username="user",
>           hashed_password=get_password_hash("user"),
                           ^^^^^^^^^^^^^^^^^^^^^^^^^
            role="user",
            display_name="Normal User"
        )

tests\conftest.py:59: 
_ _ _ _ _ _ _ _ _ _ _ _ _ _ _ _ _ _ _ _ _ _ _ _ _ _ _ _ _ _ _ _ _ _ _ _ _ _ _ _
inventory_app\security.py:17: in get_password_hash
    return pwd_context.hash(password)
           ^^^^^^^^^^^^^^^^^^^^^^^^^^
.venv\Lib\site-packages\passlib\context.py:2258: in hash
    return record.hash(secret, **kwds)
           ^^^^^^^^^^^^^^^^^^^^^^^^^^^
.venv\Lib\site-packages\passlib\utils\handlers.py:779: in hash
    self.checksum = self._calc_checksum(secret)
                    ^^^^^^^^^^^^^^^^^^^^^^^^^^^
.venv\Lib\site-packages\passlib\handlers\bcrypt.py:591: in _calc_checksum
    self._stub_requires_backend()
.venv\Lib\site-packages\passlib\utils\handlers.py:2254: in _stub_requires_backend
    cls.set_backend()
.venv\Lib\site-packages\passlib\utils\handlers.py:2156: in set_backend
    return owner.set_backend(name, dryrun=dryrun)
           ^^^^^^^^^^^^^^^^^^^^^^^^^^^^^^^^^^^^^^
.venv\Lib\site-packages\passlib\utils\handlers.py:2163: in set_backend
    return cls.set_backend(name, dryrun=dryrun)
           ^^^^^^^^^^^^^^^^^^^^^^^^^^^^^^^^^^^^
.venv\Lib\site-packages\passlib\utils\handlers.py:2188: in set_backend
    cls._set_backend(name, dryrun)
.venv\Lib\site-packages\passlib\utils\handlers.py:2311: in _set_backend
    super(SubclassBackendMixin, cls)._set_backend(name, dryrun)
.venv\Lib\site-packages\passlib\utils\handlers.py:2224: in _set_backend
    ok = loader(**kwds)
         ^^^^^^^^^^^^^^
.venv\Lib\site-packages\passlib\handlers\bcrypt.py:626: in _load_backend_mixin
    return mixin_cls._finalize_backend_mixin(name, dryrun)
           ^^^^^^^^^^^^^^^^^^^^^^^^^^^^^^^^^^^^^^^^^^^^^^^
.venv\Lib\site-packages\passlib\handlers\bcrypt.py:421: in _finalize_backend_mixin
    if detect_wrap_bug(IDENT_2A):
       ^^^^^^^^^^^^^^^^^^^^^^^^^
.venv\Lib\site-packages\passlib\handlers\bcrypt.py:380: in detect_wrap_bug
    if verify(secret, bug_hash):
       ^^^^^^^^^^^^^^^^^^^^^^^^
.venv\Lib\site-packages\passlib\utils\handlers.py:792: in verify
    return consteq(self._calc_checksum(secret), chk)
                   ^^^^^^^^^^^^^^^^^^^^^^^^^^^
_ _ _ _ _ _ _ _ _ _ _ _ _ _ _ _ _ _ _ _ _ _ _ _ _ _ _ _ _ _ _ _ _ _ _ _ _ _ _ _

self = <passlib.handlers.bcrypt._BcryptBackend object at 0x00000200364564E0>
secret = b'01234567890123456789012345678901234567890123456789012345678901234567890123456789012345678901234567890123456789012345...7890123456789012345678901234567890123456789012345678901234567890123456789012345678901234567890123456789012345678901234'

    def _calc_checksum(self, secret):
        # bcrypt behavior:
        #   secret must be bytes
        #   config must be ascii bytes
        #   returns ascii bytes
        secret, ident = self._prepare_digest_args(secret)
        config = self._get_config(ident)
        if isinstance(config, unicode):
            config = config.encode("ascii")
>       hash = _bcrypt.hashpw(secret, config)
               ^^^^^^^^^^^^^^^^^^^^^^^^^^^^^^
E       ValueError: password cannot be longer than 72 bytes, truncate manually if necessary (e.g. my_password[:72])

.venv\Lib\site-packages\passlib\handlers\bcrypt.py:655: ValueError
----------------------------- Captured log setup ------------------------------
WARNING  passlib.handlers.bcrypt:bcrypt.py:622 (trapped) error reading bcrypt version
Traceback (most recent call last):
  File "C:\Users\naoki\Documents\Work\item_manager\.venv\Lib\site-packages\passlib\handlers\bcrypt.py", line 620, in _load_backend_mixin
    version = _bcrypt.__about__.__version__
              ^^^^^^^^^^^^^^^^^
AttributeError: module 'bcrypt' has no attribute '__about__'
______________________ ERROR at setup of test_read_items ______________________

client = <starlette.testclient.TestClient object at 0x0000020036253D10>

    @pytest.fixture
    def admin_token_headers(client):
        db = TestingSessionLocal()
        admin = models.User(
            username="admin",
>           hashed_password=get_password_hash("admin"),
                           ^^^^^^^^^^^^^^^^^^^^^^^^^^
            role="admin",
            display_name="Admin User"
        )

tests\conftest.py:42: 
_ _ _ _ _ _ _ _ _ _ _ _ _ _ _ _ _ _ _ _ _ _ _ _ _ _ _ _ _ _ _ _ _ _ _ _ _ _ _ _
inventory_app\security.py:17: in get_password_hash
    return pwd_context.hash(password)
           ^^^^^^^^^^^^^^^^^^^^^^^^^^
.venv\Lib\site-packages\passlib\context.py:2258: in hash
    return record.hash(secret, **kwds)
           ^^^^^^^^^^^^^^^^^^^^^^^^^^^
.venv\Lib\site-packages\passlib\utils\handlers.py:779: in hash
    self.checksum = self._calc_checksum(secret)
                    ^^^^^^^^^^^^^^^^^^^^^^^^^^^
.venv\Lib\site-packages\passlib\handlers\bcrypt.py:591: in _calc_checksum
    self._stub_requires_backend()
.venv\Lib\site-packages\passlib\utils\handlers.py:2254: in _stub_requires_backend
    cls.set_backend()
.venv\Lib\site-packages\passlib\utils\handlers.py:2156: in set_backend
    return owner.set_backend(name, dryrun=dryrun)
           ^^^^^^^^^^^^^^^^^^^^^^^^^^^^^^^^^^^^^^
.venv\Lib\site-packages\passlib\utils\handlers.py:2163: in set_backend
    return cls.set_backend(name, dryrun=dryrun)
           ^^^^^^^^^^^^^^^^^^^^^^^^^^^^^^^^^^^^
.venv\Lib\site-packages\passlib\utils\handlers.py:2188: in set_backend
    cls._set_backend(name, dryrun)
.venv\Lib\site-packages\passlib\utils\handlers.py:2311: in _set_backend
    super(SubclassBackendMixin, cls)._set_backend(name, dryrun)
.venv\Lib\site-packages\passlib\utils\handlers.py:2224: in _set_backend
    ok = loader(**kwds)
         ^^^^^^^^^^^^^^
.venv\Lib\site-packages\passlib\handlers\bcrypt.py:626: in _load_backend_mixin
    return mixin_cls._finalize_backend_mixin(name, dryrun)
           ^^^^^^^^^^^^^^^^^^^^^^^^^^^^^^^^^^^^^^^^^^^^^^^
.venv\Lib\site-packages\passlib\handlers\bcrypt.py:421: in _finalize_backend_mixin
    if detect_wrap_bug(IDENT_2A):
       ^^^^^^^^^^^^^^^^^^^^^^^^^
.venv\Lib\site-packages\passlib\handlers\bcrypt.py:380: in detect_wrap_bug
    if verify(secret, bug_hash):
       ^^^^^^^^^^^^^^^^^^^^^^^^
.venv\Lib\site-packages\passlib\utils\handlers.py:792: in verify
    return consteq(self._calc_checksum(secret), chk)
                   ^^^^^^^^^^^^^^^^^^^^^^^^^^^
_ _ _ _ _ _ _ _ _ _ _ _ _ _ _ _ _ _ _ _ _ _ _ _ _ _ _ _ _ _ _ _ _ _ _ _ _ _ _ _

self = <passlib.handlers.bcrypt._BcryptBackend object at 0x0000020036507CF0>
secret = b'01234567890123456789012345678901234567890123456789012345678901234567890123456789012345678901234567890123456789012345...7890123456789012345678901234567890123456789012345678901234567890123456789012345678901234567890123456789012345678901234'

    def _calc_checksum(self, secret):
        # bcrypt behavior:
        #   secret must be bytes
        #   config must be ascii bytes
        #   returns ascii bytes
        secret, ident = self._prepare_digest_args(secret)
        config = self._get_config(ident)
        if isinstance(config, unicode):
            config = config.encode("ascii")
>       hash = _bcrypt.hashpw(secret, config)
               ^^^^^^^^^^^^^^^^^^^^^^^^^^^^^^
E       ValueError: password cannot be longer than 72 bytes, truncate manually if necessary (e.g. my_password[:72])

.venv\Lib\site-packages\passlib\handlers\bcrypt.py:655: ValueError
----------------------------- Captured log setup ------------------------------
WARNING  passlib.handlers.bcrypt:bcrypt.py:622 (trapped) error reading bcrypt version
Traceback (most recent call last):
  File "C:\Users\naoki\Documents\Work\item_manager\.venv\Lib\site-packages\passlib\handlers\bcrypt.py", line 620, in _load_backend_mixin
    version = _bcrypt.__about__.__version__
              ^^^^^^^^^^^^^^^^^
AttributeError: module 'bcrypt' has no attribute '__about__'
_____________________ ERROR at setup of test_borrow_item ______________________

client = <starlette.testclient.TestClient object at 0x000002003638B240>

    @pytest.fixture
    def admin_token_headers(client):
        db = TestingSessionLocal()
        admin = models.User(
            username="admin",
>           hashed_password=get_password_hash("admin"),
                           ^^^^^^^^^^^^^^^^^^^^^^^^^^
            role="admin",
            display_name="Admin User"
        )

tests\conftest.py:42: 
_ _ _ _ _ _ _ _ _ _ _ _ _ _ _ _ _ _ _ _ _ _ _ _ _ _ _ _ _ _ _ _ _ _ _ _ _ _ _ _
inventory_app\security.py:17: in get_password_hash
    return pwd_context.hash(password)
           ^^^^^^^^^^^^^^^^^^^^^^^^^^
.venv\Lib\site-packages\passlib\context.py:2258: in hash
    return record.hash(secret, **kwds)
           ^^^^^^^^^^^^^^^^^^^^^^^^^^^
.venv\Lib\site-packages\passlib\utils\handlers.py:779: in hash
    self.checksum = self._calc_checksum(secret)
                    ^^^^^^^^^^^^^^^^^^^^^^^^^^^
.venv\Lib\site-packages\passlib\handlers\bcrypt.py:591: in _calc_checksum
    self._stub_requires_backend()
.venv\Lib\site-packages\passlib\utils\handlers.py:2254: in _stub_requires_backend
    cls.set_backend()
.venv\Lib\site-packages\passlib\utils\handlers.py:2156: in set_backend
    return owner.set_backend(name, dryrun=dryrun)
           ^^^^^^^^^^^^^^^^^^^^^^^^^^^^^^^^^^^^^^
.venv\Lib\site-packages\passlib\utils\handlers.py:2163: in set_backend
    return cls.set_backend(name, dryrun=dryrun)
           ^^^^^^^^^^^^^^^^^^^^^^^^^^^^^^^^^^^^
.venv\Lib\site-packages\passlib\utils\handlers.py:2188: in set_backend
    cls._set_backend(name, dryrun)
.venv\Lib\site-packages\passlib\utils\handlers.py:2311: in _set_backend
    super(SubclassBackendMixin, cls)._set_backend(name, dryrun)
.venv\Lib\site-packages\passlib\utils\handlers.py:2224: in _set_backend
    ok = loader(**kwds)
         ^^^^^^^^^^^^^^
.venv\Lib\site-packages\passlib\handlers\bcrypt.py:626: in _load_backend_mixin
    return mixin_cls._finalize_backend_mixin(name, dryrun)
           ^^^^^^^^^^^^^^^^^^^^^^^^^^^^^^^^^^^^^^^^^^^^^^^
.venv\Lib\site-packages\passlib\handlers\bcrypt.py:421: in _finalize_backend_mixin
    if detect_wrap_bug(IDENT_2A):
       ^^^^^^^^^^^^^^^^^^^^^^^^^
.venv\Lib\site-packages\passlib\handlers\bcrypt.py:380: in detect_wrap_bug
    if verify(secret, bug_hash):
       ^^^^^^^^^^^^^^^^^^^^^^^^
.venv\Lib\site-packages\passlib\utils\handlers.py:792: in verify
    return consteq(self._calc_checksum(secret), chk)
                   ^^^^^^^^^^^^^^^^^^^^^^^^^^^
_ _ _ _ _ _ _ _ _ _ _ _ _ _ _ _ _ _ _ _ _ _ _ _ _ _ _ _ _ _ _ _ _ _ _ _ _ _ _ _

self = <passlib.handlers.bcrypt._BcryptBackend object at 0x0000020036461BE0>
secret = b'01234567890123456789012345678901234567890123456789012345678901234567890123456789012345678901234567890123456789012345...7890123456789012345678901234567890123456789012345678901234567890123456789012345678901234567890123456789012345678901234'

    def _calc_checksum(self, secret):
        # bcrypt behavior:
        #   secret must be bytes
        #   config must be ascii bytes
        #   returns ascii bytes
        secret, ident = self._prepare_digest_args(secret)
        config = self._get_config(ident)
        if isinstance(config, unicode):
            config = config.encode("ascii")
>       hash = _bcrypt.hashpw(secret, config)
               ^^^^^^^^^^^^^^^^^^^^^^^^^^^^^^
E       ValueError: password cannot be longer than 72 bytes, truncate manually if necessary (e.g. my_password[:72])

.venv\Lib\site-packages\passlib\handlers\bcrypt.py:655: ValueError
----------------------------- Captured log setup ------------------------------
WARNING  passlib.handlers.bcrypt:bcrypt.py:622 (trapped) error reading bcrypt version
Traceback (most recent call last):
  File "C:\Users\naoki\Documents\Work\item_manager\.venv\Lib\site-packages\passlib\handlers\bcrypt.py", line 620, in _load_backend_mixin
    version = _bcrypt.__about__.__version__
              ^^^^^^^^^^^^^^^^^
AttributeError: module 'bcrypt' has no attribute '__about__'
_____________________ ERROR at setup of test_return_item ______________________

client = <starlette.testclient.TestClient object at 0x00000200369746B0>

    @pytest.fixture
    def admin_token_headers(client):
        db = TestingSessionLocal()
        admin = models.User(
            username="admin",
>           hashed_password=get_password_hash("admin"),
                           ^^^^^^^^^^^^^^^^^^^^^^^^^^
            role="admin",
            display_name="Admin User"
        )

tests\conftest.py:42: 
_ _ _ _ _ _ _ _ _ _ _ _ _ _ _ _ _ _ _ _ _ _ _ _ _ _ _ _ _ _ _ _ _ _ _ _ _ _ _ _
inventory_app\security.py:17: in get_password_hash
    return pwd_context.hash(password)
           ^^^^^^^^^^^^^^^^^^^^^^^^^^
.venv\Lib\site-packages\passlib\context.py:2258: in hash
    return record.hash(secret, **kwds)
           ^^^^^^^^^^^^^^^^^^^^^^^^^^^
.venv\Lib\site-packages\passlib\utils\handlers.py:779: in hash
    self.checksum = self._calc_checksum(secret)
                    ^^^^^^^^^^^^^^^^^^^^^^^^^^^
.venv\Lib\site-packages\passlib\handlers\bcrypt.py:591: in _calc_checksum
    self._stub_requires_backend()
.venv\Lib\site-packages\passlib\utils\handlers.py:2254: in _stub_requires_backend
    cls.set_backend()
.venv\Lib\site-packages\passlib\utils\handlers.py:2156: in set_backend
    return owner.set_backend(name, dryrun=dryrun)
           ^^^^^^^^^^^^^^^^^^^^^^^^^^^^^^^^^^^^^^
.venv\Lib\site-packages\passlib\utils\handlers.py:2163: in set_backend
    return cls.set_backend(name, dryrun=dryrun)
           ^^^^^^^^^^^^^^^^^^^^^^^^^^^^^^^^^^^^
.venv\Lib\site-packages\passlib\utils\handlers.py:2188: in set_backend
    cls._set_backend(name, dryrun)
.venv\Lib\site-packages\passlib\utils\handlers.py:2311: in _set_backend
    super(SubclassBackendMixin, cls)._set_backend(name, dryrun)
.venv\Lib\site-packages\passlib\utils\handlers.py:2224: in _set_backend
    ok = loader(**kwds)
         ^^^^^^^^^^^^^^
.venv\Lib\site-packages\passlib\handlers\bcrypt.py:626: in _load_backend_mixin
    return mixin_cls._finalize_backend_mixin(name, dryrun)
           ^^^^^^^^^^^^^^^^^^^^^^^^^^^^^^^^^^^^^^^^^^^^^^^
.venv\Lib\site-packages\passlib\handlers\bcrypt.py:421: in _finalize_backend_mixin
    if detect_wrap_bug(IDENT_2A):
       ^^^^^^^^^^^^^^^^^^^^^^^^^
.venv\Lib\site-packages\passlib\handlers\bcrypt.py:380: in detect_wrap_bug
    if verify(secret, bug_hash):
       ^^^^^^^^^^^^^^^^^^^^^^^^
.venv\Lib\site-packages\passlib\utils\handlers.py:792: in verify
    return consteq(self._calc_checksum(secret), chk)
                   ^^^^^^^^^^^^^^^^^^^^^^^^^^^
_ _ _ _ _ _ _ _ _ _ _ _ _ _ _ _ _ _ _ _ _ _ _ _ _ _ _ _ _ _ _ _ _ _ _ _ _ _ _ _

self = <passlib.handlers.bcrypt._BcryptBackend object at 0x0000020036461240>
secret = b'01234567890123456789012345678901234567890123456789012345678901234567890123456789012345678901234567890123456789012345...7890123456789012345678901234567890123456789012345678901234567890123456789012345678901234567890123456789012345678901234'

    def _calc_checksum(self, secret):
        # bcrypt behavior:
        #   secret must be bytes
        #   config must be ascii bytes
        #   returns ascii bytes
        secret, ident = self._prepare_digest_args(secret)
        config = self._get_config(ident)
        if isinstance(config, unicode):
            config = config.encode("ascii")
>       hash = _bcrypt.hashpw(secret, config)
               ^^^^^^^^^^^^^^^^^^^^^^^^^^^^^^
E       ValueError: password cannot be longer than 72 bytes, truncate manually if necessary (e.g. my_password[:72])

.venv\Lib\site-packages\passlib\handlers\bcrypt.py:655: ValueError
----------------------------- Captured log setup ------------------------------
WARNING  passlib.handlers.bcrypt:bcrypt.py:622 (trapped) error reading bcrypt version
Traceback (most recent call last):
  File "C:\Users\naoki\Documents\Work\item_manager\.venv\Lib\site-packages\passlib\handlers\bcrypt.py", line 620, in _load_backend_mixin
    version = _bcrypt.__about__.__version__
              ^^^^^^^^^^^^^^^^^
AttributeError: module 'bcrypt' has no attribute '__about__'
________________ ERROR at setup of test_return_other_user_fail ________________

client = <starlette.testclient.TestClient object at 0x0000020036975260>

    @pytest.fixture
    def admin_token_headers(client):
        db = TestingSessionLocal()
        admin = models.User(
            username="admin",
>           hashed_password=get_password_hash("admin"),
                           ^^^^^^^^^^^^^^^^^^^^^^^^^^
            role="admin",
            display_name="Admin User"
        )

tests\conftest.py:42: 
_ _ _ _ _ _ _ _ _ _ _ _ _ _ _ _ _ _ _ _ _ _ _ _ _ _ _ _ _ _ _ _ _ _ _ _ _ _ _ _
inventory_app\security.py:17: in get_password_hash
    return pwd_context.hash(password)
           ^^^^^^^^^^^^^^^^^^^^^^^^^^
.venv\Lib\site-packages\passlib\context.py:2258: in hash
    return record.hash(secret, **kwds)
           ^^^^^^^^^^^^^^^^^^^^^^^^^^^
.venv\Lib\site-packages\passlib\utils\handlers.py:779: in hash
    self.checksum = self._calc_checksum(secret)
                    ^^^^^^^^^^^^^^^^^^^^^^^^^^^
.venv\Lib\site-packages\passlib\handlers\bcrypt.py:591: in _calc_checksum
    self._stub_requires_backend()
.venv\Lib\site-packages\passlib\utils\handlers.py:2254: in _stub_requires_backend
    cls.set_backend()
.venv\Lib\site-packages\passlib\utils\handlers.py:2156: in set_backend
    return owner.set_backend(name, dryrun=dryrun)
           ^^^^^^^^^^^^^^^^^^^^^^^^^^^^^^^^^^^^^^
.venv\Lib\site-packages\passlib\utils\handlers.py:2163: in set_backend
    return cls.set_backend(name, dryrun=dryrun)
           ^^^^^^^^^^^^^^^^^^^^^^^^^^^^^^^^^^^^
.venv\Lib\site-packages\passlib\utils\handlers.py:2188: in set_backend
    cls._set_backend(name, dryrun)
.venv\Lib\site-packages\passlib\utils\handlers.py:2311: in _set_backend
    super(SubclassBackendMixin, cls)._set_backend(name, dryrun)
.venv\Lib\site-packages\passlib\utils\handlers.py:2224: in _set_backend
    ok = loader(**kwds)
         ^^^^^^^^^^^^^^
.venv\Lib\site-packages\passlib\handlers\bcrypt.py:626: in _load_backend_mixin
    return mixin_cls._finalize_backend_mixin(name, dryrun)
           ^^^^^^^^^^^^^^^^^^^^^^^^^^^^^^^^^^^^^^^^^^^^^^^
.venv\Lib\site-packages\passlib\handlers\bcrypt.py:421: in _finalize_backend_mixin
    if detect_wrap_bug(IDENT_2A):
       ^^^^^^^^^^^^^^^^^^^^^^^^^
.venv\Lib\site-packages\passlib\handlers\bcrypt.py:380: in detect_wrap_bug
    if verify(secret, bug_hash):
       ^^^^^^^^^^^^^^^^^^^^^^^^
.venv\Lib\site-packages\passlib\utils\handlers.py:792: in verify
    return consteq(self._calc_checksum(secret), chk)
                   ^^^^^^^^^^^^^^^^^^^^^^^^^^^
_ _ _ _ _ _ _ _ _ _ _ _ _ _ _ _ _ _ _ _ _ _ _ _ _ _ _ _ _ _ _ _ _ _ _ _ _ _ _ _

self = <passlib.handlers.bcrypt._BcryptBackend object at 0x0000020036462BA0>
secret = b'01234567890123456789012345678901234567890123456789012345678901234567890123456789012345678901234567890123456789012345...7890123456789012345678901234567890123456789012345678901234567890123456789012345678901234567890123456789012345678901234'

    def _calc_checksum(self, secret):
        # bcrypt behavior:
        #   secret must be bytes
        #   config must be ascii bytes
        #   returns ascii bytes
        secret, ident = self._prepare_digest_args(secret)
        config = self._get_config(ident)
        if isinstance(config, unicode):
            config = config.encode("ascii")
>       hash = _bcrypt.hashpw(secret, config)
               ^^^^^^^^^^^^^^^^^^^^^^^^^^^^^^
E       ValueError: password cannot be longer than 72 bytes, truncate manually if necessary (e.g. my_password[:72])

.venv\Lib\site-packages\passlib\handlers\bcrypt.py:655: ValueError
----------------------------- Captured log setup ------------------------------
WARNING  passlib.handlers.bcrypt:bcrypt.py:622 (trapped) error reading bcrypt version
Traceback (most recent call last):
  File "C:\Users\naoki\Documents\Work\item_manager\.venv\Lib\site-packages\passlib\handlers\bcrypt.py", line 620, in _load_backend_mixin
    version = _bcrypt.__about__.__version__
              ^^^^^^^^^^^^^^^^^
AttributeError: module 'bcrypt' has no attribute '__about__'
============================== warnings summary ===============================
inventory_app\database.py:12
  C:\Users\naoki\Documents\Work\item_manager\inventory_app\database.py:12: MovedIn20Warning: The ``declarative_base()`` function is now available as sqlalchemy.orm.declarative_base(). (deprecated since: 2.0) (Background on SQLAlchemy 2.0 at: https://sqlalche.me/e/b8d9)
    Base = declarative_base()

inventory_app\schemas.py:19
  C:\Users\naoki\Documents\Work\item_manager\inventory_app\schemas.py:19: PydanticDeprecatedSince20: Support for class-based `config` is deprecated, use ConfigDict instead. Deprecated in Pydantic V2.0 to be removed in V3.0. See Pydantic V2 Migration Guide at https://errors.pydantic.dev/2.12/migration/
    class UserResponse(UserBase):

inventory_app\schemas.py:40
  C:\Users\naoki\Documents\Work\item_manager\inventory_app\schemas.py:40: PydanticDeprecatedSince20: Support for class-based `config` is deprecated, use ConfigDict instead. Deprecated in Pydantic V2.0 to be removed in V3.0. See Pydantic V2 Migration Guide at https://errors.pydantic.dev/2.12/migration/
    class ItemResponse(ItemBase):

-- Docs: https://docs.pytest.org/en/stable/how-to/capture-warnings.html
=========================== short test summary info ===========================
ERROR tests/test_auth.py::test_login_success - ValueError: password cannot be...
ERROR tests/test_items_crud.py::test_create_item - ValueError: password canno...
ERROR tests/test_items_crud.py::test_create_item_user_fail - ValueError: pass...
ERROR tests/test_items_crud.py::test_read_items - ValueError: password cannot...
ERROR tests/test_operations.py::test_borrow_item - ValueError: password canno...
ERROR tests/test_operations.py::test_return_item - ValueError: password canno...
ERROR tests/test_operations.py::test_return_other_user_fail - ValueError: pas...
=================== 2 passed, 3 warnings, 7 errors in 1.55s ===================
